// Jest Snapshot v1, https://goo.gl/fbAQLP

exports[`NearbyList should render correctly 1`] = `
<div>
  <div
    class="near-places__list places__list"
  >
    <article
      class="place-card near-places__card"
    >
      <div
        class="place-card__image-wrapper near-places__image-wrapper"
      >
        <a
          href="/offer/13"
        >
          <img
            alt="Place image"
            class="place-card__image"
            height="200"
            src="https://assets.htmlacademy.ru/intensives/javascript-3/hotel/18.jpg"
            width="260"
          />
        </a>
      </div>
      <div
        class="place-card__info "
      >
        <div
          class="place-card__price-wrapper"
        >
          <div
            class="place-card__price"
          >
            <b
              class="place-card__price-value"
            >
              €
              346
            </b>
            <span
              class="place-card__price-text"
            >
               / night
            </span>
          </div>
          <button
            class="place-card__bookmark-button button place-card__bookmark-button--active"
            type="button"
          >
            <svg
              class="place-card__bookmark-icon"
              height="19"
              width="18"
            >
              <use
                xlink:href="#icon-bookmark"
              />
            </svg>
            <span
              class="visually-hidden"
            >
              In bookmarks
            </span>
          </button>
        </div>
        <div
          class="place-card__rating rating"
        >
          <div
            class="place-card__stars rating__stars"
          >
            <span
              style="width: 40%;"
            />
            <span
              class="visually-hidden"
            >
              Rating
            </span>
          </div>
        </div>
        <h2
          class="place-card__name"
        >
          <a
            href="/offer/13"
          >
            The Joshua Tree House
          </a>
        </h2>
        <p
          class="place-card__type"
        >
          Hotel
        </p>
      </div>
    </article>
    <article
      class="place-card near-places__card"
    >
      <div
        class="place-card__mark"
      >
        <span>
          Premium
        </span>
      </div>
      <div
        class="place-card__image-wrapper near-places__image-wrapper"
      >
        <a
          href="/offer/23"
        >
          <img
            alt="Place image"
            class="place-card__image"
            height="200"
            src="https://assets.htmlacademy.ru/intensives/javascript-3/hotel/5.jpg"
            width="260"
          />
        </a>
      </div>
      <div
        class="place-card__info "
      >
        <div
          class="place-card__price-wrapper"
        >
          <div
            class="place-card__price"
          >
            <b
              class="place-card__price-value"
            >
              €
              558
            </b>
            <span
              class="place-card__price-text"
            >
               / night
            </span>
          </div>
          <button
            class="place-card__bookmark-button button false"
            type="button"
          >
            <svg
              class="place-card__bookmark-icon"
              height="19"
              width="18"
            >
              <use
                xlink:href="#icon-bookmark"
              />
            </svg>
            <span
              class="visually-hidden"
            >
              To bookmarks
            </span>
          </button>
        </div>
        <div
          class="place-card__rating rating"
        >
          <div
            class="place-card__stars rating__stars"
          >
            <span
              style="width: 60%;"
            />
            <span
              class="visually-hidden"
            >
              Rating
            </span>
          </div>
        </div>
        <h2
          class="place-card__name"
        >
          <a
            href="/offer/23"
          >
            Loft Studio in the Central Area
          </a>
        </h2>
        <p
          class="place-card__type"
        >
          House
        </p>
      </div>
    </article>
    <article
      class="place-card near-places__card"
    >
      <div
        class="place-card__image-wrapper near-places__image-wrapper"
      >
        <a
          href="/offer/76"
        >
          <img
            alt="Place image"
            class="place-card__image"
            height="200"
            src="https://assets.htmlacademy.ru/intensives/javascript-3/hotel/12.jpg"
            width="260"
          />
        </a>
      </div>
      <div
        class="place-card__info "
      >
        <div
          class="place-card__price-wrapper"
        >
          <div
            class="place-card__price"
          >
            <b
              class="place-card__price-value"
            >
              €
              259
            </b>
            <span
              class="place-card__price-text"
            >
               / night
            </span>
          </div>
          <button
            class="place-card__bookmark-button button place-card__bookmark-button--active"
            type="button"
          >
            <svg
              class="place-card__bookmark-icon"
              height="19"
              width="18"
            >
              <use
                xlink:href="#icon-bookmark"
              />
            </svg>
            <span
              class="visually-hidden"
            >
              In bookmarks
            </span>
          </button>
        </div>
        <div
          class="place-card__rating rating"
        >
          <div
            class="place-card__stars rating__stars"
          >
            <span
              style="width: 60%;"
            />
            <span
              class="visually-hidden"
            >
              Rating
            </span>
          </div>
        </div>
        <h2
          class="place-card__name"
        >
          <a
            href="/offer/76"
          >
            Penthouse, 4-5 rooms + 5 balconies
          </a>
        </h2>
        <p
          class="place-card__type"
        >
          Room
        </p>
      </div>
    </article>
  </div>
</div>
`;
